
> teif-monorepo@0.0.0 build C:\Users\Makseb-DEV-05\Downloads\TEIF-main
> turbo run build

node.exe : ΓÇó turbo 2.7.4
At C:\Users\Makseb-DEV-05\AppData\Roaming\npm\pnpm.ps1:24 char:5
+     & "node$exe"  "$basedir/node_modules/pnpm/bin/pnpm.cjs" $args
+     ~~~~~~~~~~~~~~~~~~~~~~~~~~~~~~~~~~~~~~~~~~~~~~~~~~~~~~~~~~~~~
    + CategoryInfo          : NotSpecified: (ΓÇó turbo 2.7.4:String) [], Remot 
   eException
    + FullyQualifiedErrorId : NativeCommandError
 
ΓÇó Packages in scope: @teif/backend, @teif/frontend, @teif/shared
ΓÇó Running build in 3 packages
ΓÇó Remote caching disabled
@teif/shared:build: cache miss, executing 77bb51c029b4a404
@teif/shared:build: 
@teif/shared:build: > @teif/shared@0.0.0 build C:\Users\Makseb-DEV-05\Downloads\TEIF-main\packages\shared
@teif/shared:build: > tsc
@teif/shared:build: 
@teif/frontend:build: cache miss, executing 6f36af5ae389b1a7
@teif/backend:build: cache miss, executing e66a01ebe0a9de8f
@teif/backend:build: 
@teif/backend:build: > @teif/backend@0.0.0 build C:\Users\Makseb-DEV-05\Downloads\TEIF-main\packages\backend
@teif/backend:build: > tsc
@teif/backend:build: 
@teif/frontend:build: 
@teif/frontend:build: > @teif/frontend@0.0.0 build C:\Users\Makseb-DEV-05\Downloads\TEIF-main\packages\frontend
@teif/frontend:build: > vite build
@teif/frontend:build: 
@teif/frontend:build: [36mvite v6.4.1 [32mbuilding for production...[36m[39m
@teif/frontend:build: transforming...
@teif/frontend:build: [33m[plugin vite:esbuild] src/services/i18n.ts: [33mDuplicate key "loading" in object literal[33m
@teif/frontend:build: 264|      downloadXml: '╪¬╪¡┘à┘è┘ä XML',
@teif/frontend:build: 265|      downloading: '╪¼╪º╪▒┘è ╪º┘ä╪¬╪¡┘à┘è┘ä...',
@teif/frontend:build: 266|      loading: '╪¼╪º╪▒┘è ╪º┘ä╪¬╪¡┘à┘è┘ä',
@teif/frontend:build:    |      ^
@teif/frontend:build: 267|      invoice: '╪º┘ä┘ü╪º╪¬┘ê╪▒╪⌐',
@teif/frontend:build: 268|      edit: '╪¬╪╣╪»┘è┘ä',
@teif/frontend:build: [39m
@teif/frontend:build: [33m[plugin vite:esbuild] src/services/i18n.ts: [33mDuplicate key "edit" in object literal[33m
@teif/frontend:build: 266|      loading: '╪¼╪º╪▒┘è ╪º┘ä╪¬╪¡┘à┘è┘ä',
@teif/frontend:build: 267|      invoice: '╪º┘ä┘ü╪º╪¬┘ê╪▒╪⌐',
@teif/frontend:build: 268|      edit: '╪¬╪╣╪»┘è┘ä',
@teif/frontend:build:    |      ^
@teif/frontend:build: 269|      back: '╪▒╪¼┘ê╪╣',
@teif/frontend:build: 270|      cancel: '╪Ñ┘ä╪║╪º╪í',
@teif/frontend:build: [39m
@teif/frontend:build: [33m[plugin vite:esbuild] src/services/i18n.ts: [33mDuplicate key "back" in object literal[33m
@teif/frontend:build: 267|      invoice: '╪º┘ä┘ü╪º╪¬┘ê╪▒╪⌐',
@teif/frontend:build: 268|      edit: '╪¬╪╣╪»┘è┘ä',
@teif/frontend:build: 269|      back: '╪▒╪¼┘ê╪╣',
@teif/frontend:build:    |      ^
@teif/frontend:build: 270|      cancel: '╪Ñ┘ä╪║╪º╪í',
@teif/frontend:build: 271|      // Invoice List Page
@teif/frontend:build: [39m
@teif/frontend:build: [33m[plugin vite:esbuild] src/services/i18n.ts: [33mDuplicate key "cancel" in object literal[33m
@teif/frontend:build: 268|      edit: '╪¬╪╣╪»┘è┘ä',
@teif/frontend:build: 269|      back: '╪▒╪¼┘ê╪╣',
@teif/frontend:build: 270|      cancel: '╪Ñ┘ä╪║╪º╪í',
@teif/frontend:build:    |      ^
@teif/frontend:build: 271|      // Invoice List Page
@teif/frontend:build: 272|      searchInvoices: '╪º┘ä╪¿╪¡╪½ ┘ü┘è ╪º┘ä┘ü┘ê╪º╪¬┘è╪▒...',
@teif/frontend:build: [39m
@teif/frontend:build: [33m[plugin vite:esbuild] src/services/i18n.ts: [33mDuplicate key "back" in object literal[33m
@teif/frontend:build: 472|      saveInvoice: 'Enregistrer la facture',
@teif/frontend:build: 473|      saving: 'Enregistrement...',
@teif/frontend:build: 474|      back: 'Retour',
@teif/frontend:build:    |      ^
@teif/frontend:build: 475|      invoices: 'Factures',
@teif/frontend:build: 476|      pleaseFixValidation: 'Veuillez corriger {count} erreurs de validation',
@teif/frontend:build: [39m
@teif/frontend:build: [33m[plugin vite:esbuild] src/services/i18n.ts: [33mDuplicate key "edit" in object literal[33m
@teif/frontend:build: 482|      createFirstInvoice: 'Cr├⌐ez votre premi├¿re facture',
@teif/frontend:build: 483|      viewDetails: 'Voir les d├⌐tails',
@teif/frontend:build: 484|      edit: 'Modifier',
@teif/frontend:build:    |      ^
@teif/frontend:build: 485|      delete: 'Supprimer',
@teif/frontend:build: 486|      deletingInvoice: 'Suppression de la facture...',
@teif/frontend:build: [39m
@teif/frontend:build: [33m[plugin vite:esbuild] src/services/i18n.ts: [33mDuplicate key "cancel" in object literal[33m
@teif/frontend:build: 487|      confirmDelete: 'Confirmer la suppression',
@teif/frontend:build: 488|      deleteConfirmation: '├ètes-vous s├╗r de vouloir supprimer cette facture? Cette action ne peut pas ├¬tre annul├⌐e.',
@teif/frontend:build: 489|      cancel: 'Annuler',
@teif/frontend:build:    |      ^
@teif/frontend:build: 490|      generating: 'G├⌐n├⌐ration...',
@teif/frontend:build: 491|      generated: 'G├⌐n├⌐r├⌐',
@teif/frontend:build: [39m
@teif/frontend:build: [33m[plugin vite:esbuild] src/services/i18n.ts: [33mDuplicate key "loading" in object literal[33m
@teif/frontend:build: 538|      failedToCreateInvoice: 'Impossible de cr├⌐er la facture',
@teif/frontend:build: 539|      tryAgain: 'R├⌐essayer',
@teif/frontend:build: 540|      loading: 'Chargement...',
@teif/frontend:build:    |      ^
@teif/frontend:build: 541|      failedToLoad: '├ëchec du chargement',
@teif/frontend:build: 542|      notFound: 'Non trouv├⌐',
@teif/frontend:build: [39m
@teif/frontend:build: [33m[plugin vite:esbuild] src/services/i18n.ts: [33mDuplicate key "documentDetails" in object literal[33m
@teif/frontend:build: 545|      totalInvoices: 'factures au total',
@teif/frontend:build: 546|      // Invoice Detail Page
@teif/frontend:build: 547|      documentDetails: 'D├⌐tails du document',
@teif/frontend:build:    |      ^
@teif/frontend:build: 548|      number: 'Num├⌐ro',
@teif/frontend:build: 549|      type: 'Type',
@teif/frontend:build: [39m
@teif/frontend:build: [33m[plugin vite:esbuild] src/services/i18n.ts: [33mDuplicate key "number" in object literal[33m
@teif/frontend:build: 546|      // Invoice Detail Page
@teif/frontend:build: 547|      documentDetails: 'D├⌐tails du document',
@teif/frontend:build: 548|      number: 'Num├⌐ro',
@teif/frontend:build:    |      ^
@teif/frontend:build: 549|      type: 'Type',
@teif/frontend:build: 550|      date: 'Date',
@teif/frontend:build: [39m
@teif/frontend:build: [33m[plugin vite:esbuild] src/services/i18n.ts: [33mDuplicate key "type" in object literal[33m
@teif/frontend:build: 547|      documentDetails: 'D├⌐tails du document',
@teif/frontend:build: 548|      number: 'Num├⌐ro',
@teif/frontend:build: 549|      type: 'Type',
@teif/frontend:build:    |      ^
@teif/frontend:build: 550|      date: 'Date',
@teif/frontend:build: 551|      currency: 'Devise',
@teif/frontend:build: [39m
@teif/frontend:build: [33m[plugin vite:esbuild] src/services/i18n.ts: [33mDuplicate key "date" in object literal[33m
@teif/frontend:build: 548|      number: 'Num├⌐ro',
@teif/frontend:build: 549|      type: 'Type',
@teif/frontend:build: 550|      date: 'Date',
@teif/frontend:build:    |      ^
@teif/frontend:build: 551|      currency: 'Devise',
@teif/frontend:build: 552|      method: 'M├⌐thode',
@teif/frontend:build: [39m
@teif/frontend:build: [33m[plugin vite:esbuild] src/services/i18n.ts: [33mDuplicate key "currency" in object literal[33m
@teif/frontend:build: 549|      type: 'Type',
@teif/frontend:build: 550|      date: 'Date',
@teif/frontend:build: 551|      currency: 'Devise',
@teif/frontend:build:    |      ^
@teif/frontend:build: 552|      method: 'M├⌐thode',
@teif/frontend:build: 553|      id: 'Identifiant',
@teif/frontend:build: [39m
@teif/frontend:build: [33m[plugin vite:esbuild] src/services/i18n.ts: [33mDuplicate key "method" in object literal[33m
@teif/frontend:build: 550|      date: 'Date',
@teif/frontend:build: 551|      currency: 'Devise',
@teif/frontend:build: 552|      method: 'M├⌐thode',
@teif/frontend:build:    |      ^
@teif/frontend:build: 553|      id: 'Identifiant',
@teif/frontend:build: 554|      unitPrice: 'Prix unitaire',
@teif/frontend:build: [39m
@teif/frontend:build: [33m[plugin vite:esbuild] src/services/i18n.ts: [33mDuplicate key "id" in object literal[33m
@teif/frontend:build: 551|      currency: 'Devise',
@teif/frontend:build: 552|      method: 'M├⌐thode',
@teif/frontend:build: 553|      id: 'Identifiant',
@teif/frontend:build:    |      ^
@teif/frontend:build: 554|      unitPrice: 'Prix unitaire',
@teif/frontend:build: 555|      totalHt: 'Total HT',
@teif/frontend:build: [39m
@teif/frontend:build: [33m[plugin vite:esbuild] src/services/i18n.ts: [33mDuplicate key "lineItems" in object literal[33m
@teif/frontend:build: 555|      totalHt: 'Total HT',
@teif/frontend:build: 556|      taxRate: 'Taux de taxe',
@teif/frontend:build: 557|      lineItems: 'D├⌐tails des articles',
@teif/frontend:build:    |      ^
@teif/frontend:build: 558|      downloadPdf: 'T├⌐l├⌐charger PDF',
@teif/frontend:build: 559|      downloadXml: 'T├⌐l├⌐charger XML',
@teif/frontend:build: [39m
@teif/frontend:build: [33m[plugin vite:esbuild] src/services/i18n.ts: [33mDuplicate key "downloadPdf" in object literal[33m
@teif/frontend:build: 556|      taxRate: 'Taux de taxe',
@teif/frontend:build: 557|      lineItems: 'D├⌐tails des articles',
@teif/frontend:build: 558|      downloadPdf: 'T├⌐l├⌐charger PDF',
@teif/frontend:build:    |      ^
@teif/frontend:build: 559|      downloadXml: 'T├⌐l├⌐charger XML',
@teif/frontend:build: 560|      downloading: 'T├⌐l├⌐chargement en cours...',
@teif/frontend:build: [39m
@teif/frontend:build: [33m[plugin vite:esbuild] src/services/i18n.ts: [33mDuplicate key "downloadXml" in object literal[33m
@teif/frontend:build: 557|      lineItems: 'D├⌐tails des articles',
@teif/frontend:build: 558|      downloadPdf: 'T├⌐l├⌐charger PDF',
@teif/frontend:build: 559|      downloadXml: 'T├⌐l├⌐charger XML',
@teif/frontend:build:    |      ^
@teif/frontend:build: 560|      downloading: 'T├⌐l├⌐chargement en cours...',
@teif/frontend:build: 561|      // Invoice List Page
@teif/frontend:build: [39m
@teif/frontend:build: [33m[plugin vite:esbuild] src/services/i18n.ts: [33mDuplicate key "downloading" in object literal[33m
@teif/frontend:build: 558|      downloadPdf: 'T├⌐l├⌐charger PDF',
@teif/frontend:build: 559|      downloadXml: 'T├⌐l├⌐charger XML',
@teif/frontend:build: 560|      downloading: 'T├⌐l├⌐chargement en cours...',
@teif/frontend:build:    |      ^
@teif/frontend:build: 561|      // Invoice List Page
@teif/frontend:build: 562|      searchInvoices: 'Rechercher les factures...',
@teif/frontend:build: [39m
@teif/frontend:build: [33m[plugin vite:esbuild] src/services/i18n.ts: [33mDuplicate key "accountInfo" in object literal[33m
@teif/frontend:build: 615|      resendCode: 'Resend Code',
@teif/frontend:build: 616|      resendCodeIn: 'Resend in {count}s',
@teif/frontend:build: 617|      accountInfo: 'Account Information',
@teif/frontend:build:    |      ^
@teif/frontend:build: 618|      digitalSignature: 'Digital Signature Certificate',
@teif/frontend:build: 619|      noCertificateMsg: "You haven't uploaded a digital signature certificate yet. Upload one to start signing invoices.",
@teif/frontend:build: [39m
@teif/frontend:build: [33m[plugin vite:esbuild] src/services/i18n.ts: [33mDuplicate key "digitalSignature" in object literal[33m
@teif/frontend:build: 616|      resendCodeIn: 'Resend in {count}s',
@teif/frontend:build: 617|      accountInfo: 'Account Information',
@teif/frontend:build: 618|      digitalSignature: 'Digital Signature Certificate',
@teif/frontend:build:    |      ^
@teif/frontend:build: 619|      noCertificateMsg: "You haven't uploaded a digital signature certificate yet. Upload one to start signing invoices.",
@teif/frontend:build: 620|      header: 'Header',
@teif/frontend:build: [39m
@teif/frontend:build: [33m[plugin vite:esbuild] src/services/i18n.ts: [33mDuplicate key "noCertificateMsg" in object literal[33m
@teif/frontend:build: 617|      accountInfo: 'Account Information',
@teif/frontend:build: 618|      digitalSignature: 'Digital Signature Certificate',
@teif/frontend:build: 619|      noCertificateMsg: "You haven't uploaded a digital signature certificate yet. Upload one to start signing invoices.",
@teif/frontend:build:    |      ^
@teif/frontend:build: 620|      header: 'Header',
@teif/frontend:build: 621|      footer: 'Footer',
@teif/frontend:build: [39m
@teif/frontend:build: [33m[plugin vite:esbuild] src/services/i18n.ts: [33mDuplicate key "header" in object literal[33m
@teif/frontend:build: 618|      digitalSignature: 'Digital Signature Certificate',
@teif/frontend:build: 619|      noCertificateMsg: "You haven't uploaded a digital signature certificate yet. Upload one to start signing invoices.",
@teif/frontend:build: 620|      header: 'Header',
@teif/frontend:build:    |      ^
@teif/frontend:build: 621|      footer: 'Footer',
@teif/frontend:build: 622|      loginSuccessful: 'Login successful!',
@teif/frontend:build: [39m
@teif/frontend:build: [33m[plugin vite:esbuild] src/services/i18n.ts: [33mDuplicate key "footer" in object literal[33m
@teif/frontend:build: 619|      noCertificateMsg: "You haven't uploaded a digital signature certificate yet. Upload one to start signing invoices.",
@teif/frontend:build: 620|      header: 'Header',
@teif/frontend:build: 621|      footer: 'Footer',
@teif/frontend:build:    |      ^
@teif/frontend:build: 622|      loginSuccessful: 'Login successful!',
@teif/frontend:build: 623|      loginFailed: 'Login failed. Please try again.',
@teif/frontend:build: [39m
@teif/frontend:build: [33m[plugin vite:esbuild] src/services/i18n.ts: [33mDuplicate key "loading" in object literal[33m
@teif/frontend:build: 750|      description: 'Description',
@teif/frontend:build: 751|      qty: 'Quantity',
@teif/frontend:build: 752|      loading: 'Loading...',
@teif/frontend:build:    |      ^
@teif/frontend:build: 753|      edit: 'Edit',
@teif/frontend:build: 754|      back: 'Back',
@teif/frontend:build: [39m
@teif/frontend:build: [33m[plugin vite:esbuild] src/services/i18n.ts: [33mDuplicate key "edit" in object literal[33m
@teif/frontend:build: 751|      qty: 'Quantity',
@teif/frontend:build: 752|      loading: 'Loading...',
@teif/frontend:build: 753|      edit: 'Edit',
@teif/frontend:build:    |      ^
@teif/frontend:build: 754|      back: 'Back',
@teif/frontend:build: 755|      cancel: 'Cancel',
@teif/frontend:build: [39m
@teif/frontend:build: [33m[plugin vite:esbuild] src/services/i18n.ts: [33mDuplicate key "back" in object literal[33m
@teif/frontend:build: 752|      loading: 'Loading...',
@teif/frontend:build: 753|      edit: 'Edit',
@teif/frontend:build: 754|      back: 'Back',
@teif/frontend:build:    |      ^
@teif/frontend:build: 755|      cancel: 'Cancel',
@teif/frontend:build: 756|      // Invoice List Page
@teif/frontend:build: [39m
@teif/frontend:build: [33m[plugin vite:esbuild] src/services/i18n.ts: [33mDuplicate key "cancel" in object literal[33m
@teif/frontend:build: 753|      edit: 'Edit',
@teif/frontend:build: 754|      back: 'Back',
@teif/frontend:build: 755|      cancel: 'Cancel',
@teif/frontend:build:    |      ^
@teif/frontend:build: 756|      // Invoice List Page
@teif/frontend:build: 757|      searchInvoices: 'Search invoices...',
@teif/frontend:build: [39m
@teif/backend:build: src/lib/prisma.ts(4,10): error TS2724: '"@prisma/client/runtime/library"' has no exported member named 'sql'. Did you mean 'Sql'?
@teif/backend:build: src/middleware/auth.ts(3,29): error TS2307: Cannot find module '../services/auth.service' or its corresponding type declarations.
@teif/backend:build: src/middleware/error.middleware.ts(3,56): error TS2835: Relative import paths need explicit file extensions in ECMAScript imports when '--moduleResolution' is 'node16' or 'nodenext'. Did you mean '../utils/response.js'?
@teif/backend:build: src/middleware/signatureSecurity.ts(2,56): error TS2835: Relative import paths need explicit file extensions in ECMAScript imports when '--moduleResolution' is 'node16' or 'nodenext'. Did you mean '../config/env.js'?
@teif/backend:build: src/routes/auth.ts(21,30): error TS2307: Cannot find module '../services/auth.service' or its corresponding type declarations.
@teif/backend:build: src/routes/auth.ts(22,39): error TS2835: Relative import paths need explicit file extensions in ECMAScript imports when '--moduleResolution' is 'node16' or 'nodenext'. Did you mean '../middleware/auth.js'?
@teif/backend:build: src/routes/auth.ts(23,39): error TS2835: Relative import paths need explicit file extensions in ECMAScript imports when '--moduleResolution' is 'node16' or 'nodenext'. Did you mean '../utils/auth-errors.js'?
@teif/backend:build: src/routes/auth.ts(262,37): error TS2835: Relative import paths need explicit file extensions in ECMAScript imports when '--moduleResolution' is 'node16' or 'nodenext'. Did you mean '../lib/prisma.js'?
@teif/backend:build: src/routes/invoices.ts(14,32): error TS2307: Cannot find module '../services/invoice.service' or its corresponding type declarations.
@teif/backend:build: src/routes/invoices.ts(15,28): error TS2307: Cannot find module '../services/pdf.service' or its corresponding type declarations.
@teif/backend:build: src/routes/invoices.ts(16,32): error TS2835: Relative import paths need explicit file extensions in ECMAScript imports when '--moduleResolution' is 'node16' or 'nodenext'. Did you mean '../middleware/auth.js'?
@teif/backend:build: src/routes/invoices.ts(17,64): error TS2835: Relative import paths need explicit file extensions in ECMAScript imports when '--moduleResolution' is 'node16' or 'nodenext'. Did you mean '../schemas/invoice-dto.js'?
@teif/backend:build: src/routes/signature.ts(16,44): error TS2835: Relative import paths need explicit file extensions in ECMAScript imports when '--moduleResolution' is 'node16' or 'nodenext'. Did you mean '../middleware/auth.js'?
@teif/backend:build: src/routes/signature.ts(17,70): error TS2835: Relative import paths need explicit file extensions in ECMAScript imports when '--moduleResolution' is 'node16' or 'nodenext'. Did you mean '../middleware/rateLimiter.js'?
@teif/backend:build: src/routes/signature.ts(18,30): error TS2307: Cannot find module '../services/signature.service' or its corresponding type declarations.
@teif/backend:build: src/routes/signature.ts(19,35): error TS2307: Cannot find module '../services/invoiceSigning.service' or its corresponding type declarations.
@teif/backend:build: src/routes/signature.ts(20,29): error TS2307: Cannot find module '../services/auditLog.service' or its corresponding type declarations.
@teif/backend:build: src/routes/signature.ts(21,24): error TS2835: Relative import paths need explicit file extensions in ECMAScript imports when '--moduleResolution' is 'node16' or 'nodenext'. Did you mean '../lib/prisma.js'?
@teif/backend:build: src/scripts/regenerate-xml.ts(7,24): error TS2835: Relative import paths need explicit file extensions in ECMAScript imports when '--moduleResolution' is 'node16' or 'nodenext'. Did you mean '../lib/prisma.js'?
@teif/backend:build: src/scripts/regenerate-xml.ts(8,37): error TS2307: Cannot find module '../services/xmlGenerator.service' or its corresponding type declarations.
@teif/backend:build: src/scripts/regenerate-xml.ts(9,44): error TS2307: Cannot find module '../services/invoice-calculations.service' or its corresponding type declarations.
@teif/backend:build: src/services/auditLog.service.ts(6,24): error TS2835: Relative import paths need explicit file extensions in ECMAScript imports when '--moduleResolution' is 'node16' or 'nodenext'. Did you mean '../lib/prisma.js'?
@teif/backend:build: src/services/auth.service.ts(3,24): error TS2835: Relative import paths need explicit file extensions in ECMAScript imports when '--moduleResolution' is 'node16' or 'nodenext'. Did you mean '../lib/prisma.js'?
@teif/backend:build: src/services/invoice.service.ts(1,32): error TS2835: Relative import paths need explicit file extensions in ECMAScript imports when '--moduleResolution' is 'node16' or 'nodenext'. Did you mean '../lib/prisma.js'?
@teif/backend:build: src/services/invoice.service.ts(2,10): error TS2724: '"@prisma/client/runtime/library"' has no exported member named 'sql'. Did you mean 'Sql'?
@teif/backend:build: src/services/invoice.service.ts(3,32): error TS2307: Cannot find module './partner.service' or its corresponding type declarations.
@teif/backend:build: src/services/invoice.service.ts(4,44): error TS2307: Cannot find module './invoice-calculations.service' or its corresponding type declarations.
@teif/backend:build: src/services/invoice.service.ts(5,37): error TS2307: Cannot find module './xmlGenerator.service' or its corresponding type declarations.
@teif/backend:build: src/services/invoice.service.ts(6,36): error TS2307: Cannot find module './pdf.service' or its corresponding type declarations.
@teif/backend:build: src/services/invoice.service.ts(7,116): error TS2835: Relative import paths need explicit file extensions in ECMAScript imports when '--moduleResolution' is 'node16' or 'nodenext'. Did you mean '../schemas/invoice-dto.js'?
@teif/backend:build: src/services/invoice.service.ts(105,28): error TS7006: Parameter 'line' implicitly has an 'any' type.
@teif/backend:build: src/services/invoice.service.ts(122,18): error TS7006: Parameter 'createdLine' implicitly has an 'any' type.
@teif/backend:build: src/services/invoice.service.ts(352,18): error TS7006: Parameter 'createdLine' implicitly has an 'any' type.
@teif/backend:build: src/services/invoice.service.ts(719,31): error TS7006: Parameter 'a' implicitly has an 'any' type.
@teif/backend:build: src/services/invoice.service.ts(719,34): error TS7006: Parameter 'b' implicitly has an 'any' type.
@teif/backend:build: src/services/invoiceSigning.service.ts(10,30): error TS2307: Cannot find module './signature.service' or its corresponding type declarations.
@teif/backend:build: src/services/invoiceSigning.service.ts(11,24): error TS2835: Relative import paths need explicit file extensions in ECMAScript imports when '--moduleResolution' is 'node16' or 'nodenext'. Did you mean '../lib/prisma.js'?
@teif/backend:build: src/services/partner.service.ts(1,24): error TS2835: Relative import paths need explicit file extensions in ECMAScript imports when '--moduleResolution' is 'node16' or 'nodenext'. Did you mean '../lib/prisma.js'?
@teif/backend:build: src/services/pdf.service.ts(7,34): error TS2835: Relative import paths need explicit file extensions in ECMAScript imports when '--moduleResolution' is 'node16' or 'nodenext'. Did you mean '../lib/puppeteer.js'?
@teif/backend:build: src/services/pdf.service.ts(8,32): error TS2835: Relative import paths need explicit file extensions in ECMAScript imports when '--moduleResolution' is 'node16' or 'nodenext'. Did you mean '../lib/storage.js'?
@teif/backend:build: src/services/pdf.service.ts(9,37): error TS2307: Cannot find module '../templates/invoice.template' or its corresponding type declarations.
@teif/backend:build: src/services/pdf.service.ts(10,32): error TS2307: Cannot find module './invoice.service' or its corresponding type declarations.
@teif/backend:build: src/services/signature.service.ts(10,24): error TS2835: Relative import paths need explicit file extensions in ECMAScript imports when '--moduleResolution' is 'node16' or 'nodenext'. Did you mean '../lib/prisma.js'?
@teif/backend:build: src/services/signature.service.ts(11,43): error TS2835: Relative import paths need explicit file extensions in ECMAScript imports when '--moduleResolution' is 'node16' or 'nodenext'. Did you mean '../config/env.js'?
@teif/backend:build: src/templates/invoice.template.ts(7,10): error TS2305: Module '"@teif/shared/utils"' has no exported member 'amountToWords'.
@teif/backend:build: ERROR: command finished with error: command 
(C:\Users\Makseb-DEV-05\Downloads\TEIF-main\packages\backend) 
C:\Users\Makseb-DEV-05\AppData\Local\pnpm\.tools\pnpm\9.0.0\bin\pnpm.CMD run 
build exited (2)
@teif/backend#build: command 
(C:\Users\Makseb-DEV-05\Downloads\TEIF-main\packages\backend) 
C:\Users\Makseb-DEV-05\AppData\Local\pnpm\.tools\pnpm\9.0.0\bin\pnpm.CMD run 
build exited (2)
 ERROR  run failed: command  exited (2)
@teif/backend:build: src/utils/auth-errors-factory.ts(6,42): error TS2835: Relative import paths need explicit file extensions in ECMAScript imports when '--moduleResolution' is 'node16' or 'nodenext'. Did you mean './auth-error-types.js'?
@teif/backend:build: src/utils/auth-errors.ts(9,8): error TS2835: Relative import paths need explicit file extensions in ECMAScript imports when '--moduleResolution' is 'node16' or 'nodenext'. Did you mean './auth-error-types.js'?
@teif/backend:build: src/utils/auth-errors.ts(11,40): error TS2835: Relative import paths need explicit file extensions in ECMAScript imports when '--moduleResolution' is 'node16' or 'nodenext'. Did you mean './auth-error-types.js'?
@teif/backend:build: src/utils/auth-errors.ts(15,8): error TS2835: Relative import paths need explicit file extensions in ECMAScript imports when '--moduleResolution' is 'node16' or 'nodenext'. Did you mean './auth-errors-factory.js'?
@teif/backend:build: ΓÇëELIFECYCLEΓÇë Command failed with exit code 2.

 Tasks:    1 successful, 3 total
Cached:    0 cached, 3 total
  Time:    13.984s 
Failed:    @teif/backend#build

ΓÇëELIFECYCLEΓÇë Command failed with exit code 2.
